
> bolt-expo-starter@1.0.0 build:web
> expo export --platform web

Starting Metro Bundler
Web Bundling failed 26693ms node_modules\expo-router\entry.js (2333 modules)
node.exe : Error: Importing 
native-only module "react-na
tive/Libraries/Utilities/cod
egenNativeCommands" on web 
from: C:\Users\jenan\Downloa
ds\DisasterManagementApp-mai
n\DisasterManagementApp-main
\node_modules\react-native-m
aps\lib\MapMarkerNativeCompo
nent.js
At C:\Program 
Files\nodejs\npm.ps1:29 
char:3
+   & $NODE_EXE $NPM_CLI_JS 
$args
+   ~~~~~~~~~~~~~~~~~~~~~~~~
~~~~~
    + CategoryInfo          
    : NotSpecified: (Error  
  : Importin...iveCompone   
 nt.js:String) [], Remot    
eException
    + FullyQualifiedErrorId 
    : NativeCommandError
 
Error: Importing 
native-only module "react-na
tive/Libraries/Utilities/cod
egenNativeCommands" on web 
from: C:\Users\jenan\Downloa
ds\DisasterManagementApp-mai
n\DisasterManagementApp-main
\node_modules\react-native-m
aps\lib\MapMarkerNativeCompo
nent.js
    at resolver (C:\Users\je
nan\Downloads\DisasterManage
mentApp-main\DisasterManagem
entApp-main\node_modules\@ex
po\cli\src\start\server\metr
o\withMetroMultiPlatform.ts:
585:19)
    at firstResolver (C:\Use
rs\jenan\Downloads\DisasterM
anagementApp-main\DisasterMa
nagementApp-main\node_module
s\@expo\cli\src\start\server
\metro\withMetroResolvers.ts
:76:29)
    at firstResolver (C:\Use
rs\jenan\Downloads\DisasterM
anagementApp-main\DisasterMa
nagementApp-main\node_module
s\@expo\cli\src\start\server
\metro\withMetroResolvers.ts
:108:16)
    at resolveRequest (C:\Us
ers\jenan\Downloads\Disaster
ManagementApp-main\DisasterM
anagementApp-main\node_modul
es\@expo\cli\src\start\serve
r\metro\withMetroResolvers.t
s:137:16)
    at Object.resolve (C:\Us
ers\jenan\Downloads\Disaster
ManagementApp-main\DisasterM
anagementApp-main\node_modul
es\metro-resolver\src\resolv
e.js:35:12)
    at ModuleResolver.resolv
eDependency (C:\Users\jenan\
Downloads\DisasterManagement
App-main\DisasterManagementA
pp-main\node_modules\metro\s
rc\node-haste\DependencyGrap
h\ModuleResolution.js:73:31)
    at DependencyGraph.resol
veDependency (C:\Users\jenan
\Downloads\DisasterManagemen
tApp-main\DisasterManagement
App-main\node_modules\metro\
src\node-haste\DependencyGra
ph.js:236:43)
    at C:\Users\jenan\Downlo
ads\DisasterManagementApp-ma
in\DisasterManagementApp-mai
n\node_modules\metro\src\lib
\transformHelpers.js:165:21
    at resolveDependencies (
C:\Users\jenan\Downloads\Dis
asterManagementApp-main\Disa
sterManagementApp-main\node_
modules\metro\src\DeltaBundl
er\buildSubgraph.js:42:25)
    at visit (C:\Users\jenan
\Downloads\DisasterManagemen
tApp-main\DisasterManagement
App-main\node_modules\metro\
src\DeltaBundler\buildSubgra
ph.js:83:30)
